Test date:	09/13/2021T22:03:01Z
Test date:	09/13/2021T22:04:01Z
Test date:	09/13/2021T22:05:01Z
Test date:	09/13/2021T22:06:01Z
